// Jest Snapshot v1, https://goo.gl/fbAQLP

exports[`<UpdatePassword /> <UpdatePassword /> 1`] = `
<body>
  <div>
    <div
      class="max-w-xs sm:max-w-sm md:max-w-md lg:max-w-lg m-auto mt-10 mb-4 bg-white rounded-lg border border-primaryBorder shadow-default py-8 px-10 text-sm md:text-base lg:text-lg"
    >
      <div
        class="flex flex-col items-center"
      >
        <div
          class="text-center m-5"
        >
          Update my password?
        </div>
        <button
          class="text-xs md:text-sm bg-gray-800 py-2 px-4 text-white rounded border focus:outline-none font-light"
        >
          Send a password update email
        </button>
      </div>
    </div>
  </div>
</body>
`;
